#-----------------------------------------------------------
# Vivado v2019.1 (64-bit)
# SW Build 2552052 on Fri May 24 14:49:42 MDT 2019
# IP Build 2548770 on Fri May 24 18:01:18 MDT 2019
# Start of session at: Fri Apr 14 09:24:55 2023
# Process ID: 14668
# Current directory: D:/github_repo/ZYNQ_PL_CONV/vivado_project/zynq_pl_acc_demo
# Command line: vivado.exe -gui_launcher_event rodinguilauncherevent14264 D:\github_repo\ZYNQ_PL_CONV\vivado_project\zynq_pl_acc_demo\zynq_pl_acc_demo.xpr
# Log file: D:/github_repo/ZYNQ_PL_CONV/vivado_project/zynq_pl_acc_demo/vivado.log
# Journal file: D:/github_repo/ZYNQ_PL_CONV/vivado_project/zynq_pl_acc_demo\vivado.jou
#-----------------------------------------------------------
start_gui
open_project D:/github_repo/ZYNQ_PL_CONV/vivado_project/zynq_pl_acc_demo/zynq_pl_acc_demo.xpr
update_compile_order -fileset sources_1
file copy -force D:/github_repo/ZYNQ_PL_CONV/vivado_project/zynq_pl_acc_demo/zynq_pl_acc_demo.runs/impl_1/system_wrapper.sysdef D:/github_repo/ZYNQ_PL_CONV/vivado_project/zynq_pl_acc_demo/zynq_pl_acc_demo.sdk/system_wrapper.hdf

file mkdir D:/github_repo/ZYNQ_PL_CONV/vivado_project/zynq_pl_acc_demo/zynq_pl_acc_demo.sdk
file copy -force D:/github_repo/ZYNQ_PL_CONV/vivado_project/zynq_pl_acc_demo/zynq_pl_acc_demo.runs/impl_1/system_wrapper.sysdef D:/github_repo/ZYNQ_PL_CONV/vivado_project/zynq_pl_acc_demo/zynq_pl_acc_demo.sdk/system_wrapper.hdf

launch_sdk -workspace D:/github_repo/ZYNQ_PL_CONV/vivado_project/zynq_pl_acc_demo/zynq_pl_acc_demo.sdk -hwspec D:/github_repo/ZYNQ_PL_CONV/vivado_project/zynq_pl_acc_demo/zynq_pl_acc_demo.sdk/system_wrapper.hdf
launch_sdk -workspace D:/github_repo/ZYNQ_PL_CONV/vivado_project/zynq_pl_acc_demo/zynq_pl_acc_demo.sdk -hwspec D:/github_repo/ZYNQ_PL_CONV/vivado_project/zynq_pl_acc_demo/zynq_pl_acc_demo.sdk/system_wrapper.hdf
open_hw
connect_hw_server
connect_hw_server
